test_health (app.tests.test_basic.ReputationGuardianTestCase.test_health) ... ok
/home/jules/.pyenv/versions/3.12.12/lib/python3.12/unittest/suite.py:107: ResourceWarning: Unclosed MongoClient opened at:
  File "<frozen runpy>", line 198, in _run_module_as_main
  File "<frozen runpy>", line 88, in _run_code
  File "/home/jules/.pyenv/versions/3.12.12/lib/python3.12/unittest/__main__.py", line 18, in <module>
    main(module=None)
  File "/home/jules/.pyenv/versions/3.12.12/lib/python3.12/unittest/main.py", line 105, in __init__
    self.runTests()
  File "/home/jules/.pyenv/versions/3.12.12/lib/python3.12/unittest/main.py", line 281, in runTests
    self.result = testRunner.run(self.test)
  File "/home/jules/.pyenv/versions/3.12.12/lib/python3.12/unittest/runner.py", line 240, in run
    test(result)
  File "/home/jules/.pyenv/versions/3.12.12/lib/python3.12/unittest/suite.py", line 84, in __call__
    return self.run(*args, **kwds)
  File "/home/jules/.pyenv/versions/3.12.12/lib/python3.12/unittest/suite.py", line 122, in run
    test(result)
  File "/home/jules/.pyenv/versions/3.12.12/lib/python3.12/unittest/suite.py", line 84, in __call__
    return self.run(*args, **kwds)
  File "/home/jules/.pyenv/versions/3.12.12/lib/python3.12/unittest/suite.py", line 122, in run
    test(result)
  File "/home/jules/.pyenv/versions/3.12.12/lib/python3.12/unittest/suite.py", line 84, in __call__
    return self.run(*args, **kwds)
  File "/home/jules/.pyenv/versions/3.12.12/lib/python3.12/unittest/suite.py", line 122, in run
    test(result)
  File "/home/jules/.pyenv/versions/3.12.12/lib/python3.12/unittest/case.py", line 690, in __call__
    return self.run(*args, **kwds)
  File "/home/jules/.pyenv/versions/3.12.12/lib/python3.12/unittest/case.py", line 630, in run
    self._callSetUp()
  File "/home/jules/.pyenv/versions/3.12.12/lib/python3.12/unittest/case.py", line 586, in _callSetUp
    self.setUp()
  File "/app/app/tests/test_basic.py", line 11, in setUp
    self.db = connect_to_mongodb()
  File "/app/app/utils/db.py", line 6, in connect_to_mongodb
    client = pymongo.MongoClient(MONGO_URI)
  File "/home/jules/.pyenv/versions/3.12.12/lib/python3.12/site-packages/pymongo/synchronous/mongo_client.py", line 882, in __init__
    self._init_based_on_options(self._seeds, srv_max_hosts, srv_service_name)
Call MongoClient.close() to safely shut down your client and free up resources.
  for index, test in enumerate(self):
test_login_missing_fields (app.tests.test_basic.ReputationGuardianTestCase.test_login_missing_fields) ... ok
test_register_missing_fields (app.tests.test_basic.ReputationGuardianTestCase.test_register_missing_fields) ... ok
/home/jules/.pyenv/versions/3.12.12/lib/python3.12/unittest/suite.py:84: ResourceWarning: Unclosed MongoClient opened at:
  File "<frozen runpy>", line 198, in _run_module_as_main
  File "<frozen runpy>", line 88, in _run_code
  File "/home/jules/.pyenv/versions/3.12.12/lib/python3.12/unittest/__main__.py", line 18, in <module>
    main(module=None)
  File "/home/jules/.pyenv/versions/3.12.12/lib/python3.12/unittest/main.py", line 105, in __init__
    self.runTests()
  File "/home/jules/.pyenv/versions/3.12.12/lib/python3.12/unittest/main.py", line 281, in runTests
    self.result = testRunner.run(self.test)
  File "/home/jules/.pyenv/versions/3.12.12/lib/python3.12/unittest/runner.py", line 240, in run
    test(result)
  File "/home/jules/.pyenv/versions/3.12.12/lib/python3.12/unittest/suite.py", line 84, in __call__
    return self.run(*args, **kwds)
  File "/home/jules/.pyenv/versions/3.12.12/lib/python3.12/unittest/suite.py", line 122, in run
    test(result)
  File "/home/jules/.pyenv/versions/3.12.12/lib/python3.12/unittest/suite.py", line 84, in __call__
    return self.run(*args, **kwds)
  File "/home/jules/.pyenv/versions/3.12.12/lib/python3.12/unittest/suite.py", line 122, in run
    test(result)
  File "/home/jules/.pyenv/versions/3.12.12/lib/python3.12/unittest/suite.py", line 84, in __call__
    return self.run(*args, **kwds)
  File "/home/jules/.pyenv/versions/3.12.12/lib/python3.12/unittest/suite.py", line 122, in run
    test(result)
  File "/home/jules/.pyenv/versions/3.12.12/lib/python3.12/unittest/case.py", line 690, in __call__
    return self.run(*args, **kwds)
  File "/home/jules/.pyenv/versions/3.12.12/lib/python3.12/unittest/case.py", line 630, in run
    self._callSetUp()
  File "/home/jules/.pyenv/versions/3.12.12/lib/python3.12/unittest/case.py", line 586, in _callSetUp
    self.setUp()
  File "/app/app/tests/test_basic.py", line 11, in setUp
    self.db = connect_to_mongodb()
  File "/app/app/utils/db.py", line 6, in connect_to_mongodb
    client = pymongo.MongoClient(MONGO_URI)
  File "/home/jules/.pyenv/versions/3.12.12/lib/python3.12/site-packages/pymongo/synchronous/mongo_client.py", line 882, in __init__
    self._init_based_on_options(self._seeds, srv_max_hosts, srv_service_name)
Call MongoClient.close() to safely shut down your client and free up resources.
  return self.run(*args, **kwds)

----------------------------------------------------------------------
Ran 3 tests in 0.039s

OK
Connected to MongoDB successfully
Connected to MongoDB successfully
Connected to MongoDB successfully
Connected to MongoDB successfully
Connected to MongoDB successfully
Connected to MongoDB successfully
Error initializing Firebase: the JSON object must be str, bytes or bytearray, not NoneType
Connected to MongoDB successfully
Error initializing Firebase: the JSON object must be str, bytes or bytearray, not NoneType
Connected to MongoDB successfully
Error initializing Firebase: the JSON object must be str, bytes or bytearray, not NoneType
Connected to MongoDB successfully
sys:1: ResourceWarning: Unclosed MongoClient opened at:
  File "<frozen runpy>", line 198, in _run_module_as_main
  File "<frozen runpy>", line 88, in _run_code
  File "/home/jules/.pyenv/versions/3.12.12/lib/python3.12/unittest/__main__.py", line 18, in <module>
    main(module=None)
  File "/home/jules/.pyenv/versions/3.12.12/lib/python3.12/unittest/main.py", line 104, in __init__
    self.parseArgs(argv)
  File "/home/jules/.pyenv/versions/3.12.12/lib/python3.12/unittest/main.py", line 153, in parseArgs
    self.createTests()
  File "/home/jules/.pyenv/versions/3.12.12/lib/python3.12/unittest/main.py", line 164, in createTests
    self.test = self.testLoader.loadTestsFromNames(self.testNames,
  File "/home/jules/.pyenv/versions/3.12.12/lib/python3.12/unittest/loader.py", line 207, in loadTestsFromNames
    suites = [self.loadTestsFromName(name, module) for name in names]
  File "/home/jules/.pyenv/versions/3.12.12/lib/python3.12/unittest/loader.py", line 137, in loadTestsFromName
    module = __import__(module_name)
  File "<frozen importlib._bootstrap>", line 1360, in _find_and_load
  File "<frozen importlib._bootstrap>", line 1310, in _find_and_load_unlocked
  File "<frozen importlib._bootstrap>", line 488, in _call_with_frames_removed
  File "<frozen importlib._bootstrap>", line 1360, in _find_and_load
  File "<frozen importlib._bootstrap>", line 1310, in _find_and_load_unlocked
  File "<frozen importlib._bootstrap>", line 488, in _call_with_frames_removed
  File "<frozen importlib._bootstrap>", line 1360, in _find_and_load
  File "<frozen importlib._bootstrap>", line 1331, in _find_and_load_unlocked
  File "<frozen importlib._bootstrap>", line 935, in _load_unlocked
  File "<frozen importlib._bootstrap_external>", line 999, in exec_module
  File "<frozen importlib._bootstrap>", line 488, in _call_with_frames_removed
  File "/app/app/__init__.py", line 4, in <module>
    from app.controllers.auth_controller import auth_bp
  File "<frozen importlib._bootstrap>", line 1360, in _find_and_load
  File "<frozen importlib._bootstrap>", line 1331, in _find_and_load_unlocked
  File "<frozen importlib._bootstrap>", line 935, in _load_unlocked
  File "<frozen importlib._bootstrap_external>", line 999, in exec_module
  File "<frozen importlib._bootstrap>", line 488, in _call_with_frames_removed
  File "/app/app/controllers/auth_controller.py", line 12, in <module>
    user_model = UserModel()
  File "/app/app/models/user.py", line 9, in __init__
    self.db = connect_to_mongodb()
  File "/app/app/utils/db.py", line 6, in connect_to_mongodb
    client = pymongo.MongoClient(MONGO_URI)
  File "/home/jules/.pyenv/versions/3.12.12/lib/python3.12/site-packages/pymongo/synchronous/mongo_client.py", line 882, in __init__
    self._init_based_on_options(self._seeds, srv_max_hosts, srv_service_name)
Call MongoClient.close() to safely shut down your client and free up resources.
sys:1: ResourceWarning: Unclosed MongoClient opened at:
  File "<frozen runpy>", line 198, in _run_module_as_main
  File "<frozen runpy>", line 88, in _run_code
  File "/home/jules/.pyenv/versions/3.12.12/lib/python3.12/unittest/__main__.py", line 18, in <module>
    main(module=None)
  File "/home/jules/.pyenv/versions/3.12.12/lib/python3.12/unittest/main.py", line 104, in __init__
    self.parseArgs(argv)
  File "/home/jules/.pyenv/versions/3.12.12/lib/python3.12/unittest/main.py", line 153, in parseArgs
    self.createTests()
  File "/home/jules/.pyenv/versions/3.12.12/lib/python3.12/unittest/main.py", line 164, in createTests
    self.test = self.testLoader.loadTestsFromNames(self.testNames,
  File "/home/jules/.pyenv/versions/3.12.12/lib/python3.12/unittest/loader.py", line 207, in loadTestsFromNames
    suites = [self.loadTestsFromName(name, module) for name in names]
  File "/home/jules/.pyenv/versions/3.12.12/lib/python3.12/unittest/loader.py", line 137, in loadTestsFromName
    module = __import__(module_name)
  File "<frozen importlib._bootstrap>", line 1360, in _find_and_load
  File "<frozen importlib._bootstrap>", line 1310, in _find_and_load_unlocked
  File "<frozen importlib._bootstrap>", line 488, in _call_with_frames_removed
  File "<frozen importlib._bootstrap>", line 1360, in _find_and_load
  File "<frozen importlib._bootstrap>", line 1310, in _find_and_load_unlocked
  File "<frozen importlib._bootstrap>", line 488, in _call_with_frames_removed
  File "<frozen importlib._bootstrap>", line 1360, in _find_and_load
  File "<frozen importlib._bootstrap>", line 1331, in _find_and_load_unlocked
  File "<frozen importlib._bootstrap>", line 935, in _load_unlocked
  File "<frozen importlib._bootstrap_external>", line 999, in exec_module
  File "<frozen importlib._bootstrap>", line 488, in _call_with_frames_removed
  File "/app/app/__init__.py", line 5, in <module>
    from app.controllers.qr_controller import qr_bp
  File "<frozen importlib._bootstrap>", line 1360, in _find_and_load
  File "<frozen importlib._bootstrap>", line 1331, in _find_and_load_unlocked
  File "<frozen importlib._bootstrap>", line 935, in _load_unlocked
  File "<frozen importlib._bootstrap_external>", line 999, in exec_module
  File "<frozen importlib._bootstrap>", line 488, in _call_with_frames_removed
  File "/app/app/controllers/qr_controller.py", line 12, in <module>
    user_model = UserModel()
  File "/app/app/models/user.py", line 9, in __init__
    self.db = connect_to_mongodb()
  File "/app/app/utils/db.py", line 6, in connect_to_mongodb
    client = pymongo.MongoClient(MONGO_URI)
  File "/home/jules/.pyenv/versions/3.12.12/lib/python3.12/site-packages/pymongo/synchronous/mongo_client.py", line 882, in __init__
    self._init_based_on_options(self._seeds, srv_max_hosts, srv_service_name)
Call MongoClient.close() to safely shut down your client and free up resources.
sys:1: ResourceWarning: Unclosed MongoClient opened at:
  File "<frozen runpy>", line 198, in _run_module_as_main
  File "<frozen runpy>", line 88, in _run_code
  File "/home/jules/.pyenv/versions/3.12.12/lib/python3.12/unittest/__main__.py", line 18, in <module>
    main(module=None)
  File "/home/jules/.pyenv/versions/3.12.12/lib/python3.12/unittest/main.py", line 104, in __init__
    self.parseArgs(argv)
  File "/home/jules/.pyenv/versions/3.12.12/lib/python3.12/unittest/main.py", line 153, in parseArgs
    self.createTests()
  File "/home/jules/.pyenv/versions/3.12.12/lib/python3.12/unittest/main.py", line 164, in createTests
    self.test = self.testLoader.loadTestsFromNames(self.testNames,
  File "/home/jules/.pyenv/versions/3.12.12/lib/python3.12/unittest/loader.py", line 207, in loadTestsFromNames
    suites = [self.loadTestsFromName(name, module) for name in names]
  File "/home/jules/.pyenv/versions/3.12.12/lib/python3.12/unittest/loader.py", line 137, in loadTestsFromName
    module = __import__(module_name)
  File "<frozen importlib._bootstrap>", line 1360, in _find_and_load
  File "<frozen importlib._bootstrap>", line 1310, in _find_and_load_unlocked
  File "<frozen importlib._bootstrap>", line 488, in _call_with_frames_removed
  File "<frozen importlib._bootstrap>", line 1360, in _find_and_load
  File "<frozen importlib._bootstrap>", line 1310, in _find_and_load_unlocked
  File "<frozen importlib._bootstrap>", line 488, in _call_with_frames_removed
  File "<frozen importlib._bootstrap>", line 1360, in _find_and_load
  File "<frozen importlib._bootstrap>", line 1331, in _find_and_load_unlocked
  File "<frozen importlib._bootstrap>", line 935, in _load_unlocked
  File "<frozen importlib._bootstrap_external>", line 999, in exec_module
  File "<frozen importlib._bootstrap>", line 488, in _call_with_frames_removed
  File "/app/app/__init__.py", line 6, in <module>
    from app.controllers.dashboard_controller import dashboard_bp
  File "<frozen importlib._bootstrap>", line 1360, in _find_and_load
  File "<frozen importlib._bootstrap>", line 1331, in _find_and_load_unlocked
  File "<frozen importlib._bootstrap>", line 935, in _load_unlocked
  File "<frozen importlib._bootstrap_external>", line 999, in exec_module
  File "<frozen importlib._bootstrap>", line 488, in _call_with_frames_removed
  File "/app/app/controllers/dashboard_controller.py", line 12, in <module>
    review_model = ReviewModel()
  File "/app/app/models/review.py", line 8, in __init__
    self.db = connect_to_mongodb()
  File "/app/app/utils/db.py", line 6, in connect_to_mongodb
    client = pymongo.MongoClient(MONGO_URI)
  File "/home/jules/.pyenv/versions/3.12.12/lib/python3.12/site-packages/pymongo/synchronous/mongo_client.py", line 882, in __init__
    self._init_based_on_options(self._seeds, srv_max_hosts, srv_service_name)
Call MongoClient.close() to safely shut down your client and free up resources.
sys:1: ResourceWarning: Unclosed MongoClient opened at:
  File "<frozen runpy>", line 198, in _run_module_as_main
  File "<frozen runpy>", line 88, in _run_code
  File "/home/jules/.pyenv/versions/3.12.12/lib/python3.12/unittest/__main__.py", line 18, in <module>
    main(module=None)
  File "/home/jules/.pyenv/versions/3.12.12/lib/python3.12/unittest/main.py", line 104, in __init__
    self.parseArgs(argv)
  File "/home/jules/.pyenv/versions/3.12.12/lib/python3.12/unittest/main.py", line 153, in parseArgs
    self.createTests()
  File "/home/jules/.pyenv/versions/3.12.12/lib/python3.12/unittest/main.py", line 164, in createTests
    self.test = self.testLoader.loadTestsFromNames(self.testNames,
  File "/home/jules/.pyenv/versions/3.12.12/lib/python3.12/unittest/loader.py", line 207, in loadTestsFromNames
    suites = [self.loadTestsFromName(name, module) for name in names]
  File "/home/jules/.pyenv/versions/3.12.12/lib/python3.12/unittest/loader.py", line 137, in loadTestsFromName
    module = __import__(module_name)
  File "<frozen importlib._bootstrap>", line 1360, in _find_and_load
  File "<frozen importlib._bootstrap>", line 1310, in _find_and_load_unlocked
  File "<frozen importlib._bootstrap>", line 488, in _call_with_frames_removed
  File "<frozen importlib._bootstrap>", line 1360, in _find_and_load
  File "<frozen importlib._bootstrap>", line 1310, in _find_and_load_unlocked
  File "<frozen importlib._bootstrap>", line 488, in _call_with_frames_removed
  File "<frozen importlib._bootstrap>", line 1360, in _find_and_load
  File "<frozen importlib._bootstrap>", line 1331, in _find_and_load_unlocked
  File "<frozen importlib._bootstrap>", line 935, in _load_unlocked
  File "<frozen importlib._bootstrap_external>", line 999, in exec_module
  File "<frozen importlib._bootstrap>", line 488, in _call_with_frames_removed
  File "/app/app/__init__.py", line 6, in <module>
    from app.controllers.dashboard_controller import dashboard_bp
  File "<frozen importlib._bootstrap>", line 1360, in _find_and_load
  File "<frozen importlib._bootstrap>", line 1331, in _find_and_load_unlocked
  File "<frozen importlib._bootstrap>", line 935, in _load_unlocked
  File "<frozen importlib._bootstrap_external>", line 999, in exec_module
  File "<frozen importlib._bootstrap>", line 488, in _call_with_frames_removed
  File "/app/app/controllers/dashboard_controller.py", line 11, in <module>
    user_model = UserModel()
  File "/app/app/models/user.py", line 9, in __init__
    self.db = connect_to_mongodb()
  File "/app/app/utils/db.py", line 6, in connect_to_mongodb
    client = pymongo.MongoClient(MONGO_URI)
  File "/home/jules/.pyenv/versions/3.12.12/lib/python3.12/site-packages/pymongo/synchronous/mongo_client.py", line 882, in __init__
    self._init_based_on_options(self._seeds, srv_max_hosts, srv_service_name)
Call MongoClient.close() to safely shut down your client and free up resources.
sys:1: ResourceWarning: Unclosed MongoClient opened at:
  File "<frozen runpy>", line 198, in _run_module_as_main
  File "<frozen runpy>", line 88, in _run_code
  File "/home/jules/.pyenv/versions/3.12.12/lib/python3.12/unittest/__main__.py", line 18, in <module>
    main(module=None)
  File "/home/jules/.pyenv/versions/3.12.12/lib/python3.12/unittest/main.py", line 104, in __init__
    self.parseArgs(argv)
  File "/home/jules/.pyenv/versions/3.12.12/lib/python3.12/unittest/main.py", line 153, in parseArgs
    self.createTests()
  File "/home/jules/.pyenv/versions/3.12.12/lib/python3.12/unittest/main.py", line 164, in createTests
    self.test = self.testLoader.loadTestsFromNames(self.testNames,
  File "/home/jules/.pyenv/versions/3.12.12/lib/python3.12/unittest/loader.py", line 207, in loadTestsFromNames
    suites = [self.loadTestsFromName(name, module) for name in names]
  File "/home/jules/.pyenv/versions/3.12.12/lib/python3.12/unittest/loader.py", line 137, in loadTestsFromName
    module = __import__(module_name)
  File "<frozen importlib._bootstrap>", line 1360, in _find_and_load
  File "<frozen importlib._bootstrap>", line 1310, in _find_and_load_unlocked
  File "<frozen importlib._bootstrap>", line 488, in _call_with_frames_removed
  File "<frozen importlib._bootstrap>", line 1360, in _find_and_load
  File "<frozen importlib._bootstrap>", line 1310, in _find_and_load_unlocked
  File "<frozen importlib._bootstrap>", line 488, in _call_with_frames_removed
  File "<frozen importlib._bootstrap>", line 1360, in _find_and_load
  File "<frozen importlib._bootstrap>", line 1331, in _find_and_load_unlocked
  File "<frozen importlib._bootstrap>", line 935, in _load_unlocked
  File "<frozen importlib._bootstrap_external>", line 999, in exec_module
  File "<frozen importlib._bootstrap>", line 488, in _call_with_frames_removed
  File "/app/app/__init__.py", line 7, in <module>
    from app.controllers.webhook_controller import webhook_bp
  File "<frozen importlib._bootstrap>", line 1360, in _find_and_load
  File "<frozen importlib._bootstrap>", line 1331, in _find_and_load_unlocked
  File "<frozen importlib._bootstrap>", line 935, in _load_unlocked
  File "<frozen importlib._bootstrap_external>", line 999, in exec_module
  File "<frozen importlib._bootstrap>", line 488, in _call_with_frames_removed
  File "/app/app/controllers/webhook_controller.py", line 11, in <module>
    user_model = UserModel()
  File "/app/app/models/user.py", line 9, in __init__
    self.db = connect_to_mongodb()
  File "/app/app/utils/db.py", line 6, in connect_to_mongodb
    client = pymongo.MongoClient(MONGO_URI)
  File "/home/jules/.pyenv/versions/3.12.12/lib/python3.12/site-packages/pymongo/synchronous/mongo_client.py", line 882, in __init__
    self._init_based_on_options(self._seeds, srv_max_hosts, srv_service_name)
Call MongoClient.close() to safely shut down your client and free up resources.
sys:1: ResourceWarning: Unclosed MongoClient opened at:
  File "<frozen runpy>", line 198, in _run_module_as_main
  File "<frozen runpy>", line 88, in _run_code
  File "/home/jules/.pyenv/versions/3.12.12/lib/python3.12/unittest/__main__.py", line 18, in <module>
    main(module=None)
  File "/home/jules/.pyenv/versions/3.12.12/lib/python3.12/unittest/main.py", line 104, in __init__
    self.parseArgs(argv)
  File "/home/jules/.pyenv/versions/3.12.12/lib/python3.12/unittest/main.py", line 153, in parseArgs
    self.createTests()
  File "/home/jules/.pyenv/versions/3.12.12/lib/python3.12/unittest/main.py", line 164, in createTests
    self.test = self.testLoader.loadTestsFromNames(self.testNames,
  File "/home/jules/.pyenv/versions/3.12.12/lib/python3.12/unittest/loader.py", line 207, in loadTestsFromNames
    suites = [self.loadTestsFromName(name, module) for name in names]
  File "/home/jules/.pyenv/versions/3.12.12/lib/python3.12/unittest/loader.py", line 137, in loadTestsFromName
    module = __import__(module_name)
  File "<frozen importlib._bootstrap>", line 1360, in _find_and_load
  File "<frozen importlib._bootstrap>", line 1310, in _find_and_load_unlocked
  File "<frozen importlib._bootstrap>", line 488, in _call_with_frames_removed
  File "<frozen importlib._bootstrap>", line 1360, in _find_and_load
  File "<frozen importlib._bootstrap>", line 1310, in _find_and_load_unlocked
  File "<frozen importlib._bootstrap>", line 488, in _call_with_frames_removed
  File "<frozen importlib._bootstrap>", line 1360, in _find_and_load
  File "<frozen importlib._bootstrap>", line 1331, in _find_and_load_unlocked
  File "<frozen importlib._bootstrap>", line 935, in _load_unlocked
  File "<frozen importlib._bootstrap_external>", line 999, in exec_module
  File "<frozen importlib._bootstrap>", line 488, in _call_with_frames_removed
  File "/app/app/__init__.py", line 7, in <module>
    from app.controllers.webhook_controller import webhook_bp
  File "<frozen importlib._bootstrap>", line 1360, in _find_and_load
  File "<frozen importlib._bootstrap>", line 1331, in _find_and_load_unlocked
  File "<frozen importlib._bootstrap>", line 935, in _load_unlocked
  File "<frozen importlib._bootstrap_external>", line 999, in exec_module
  File "<frozen importlib._bootstrap>", line 488, in _call_with_frames_removed
  File "/app/app/controllers/webhook_controller.py", line 12, in <module>
    review_model = ReviewModel()
  File "/app/app/models/review.py", line 8, in __init__
    self.db = connect_to_mongodb()
  File "/app/app/utils/db.py", line 6, in connect_to_mongodb
    client = pymongo.MongoClient(MONGO_URI)
  File "/home/jules/.pyenv/versions/3.12.12/lib/python3.12/site-packages/pymongo/synchronous/mongo_client.py", line 882, in __init__
    self._init_based_on_options(self._seeds, srv_max_hosts, srv_service_name)
Call MongoClient.close() to safely shut down your client and free up resources.
